Godot Engine v4.4.1.stable.official.49a5bc7b6 - https://godotengine.org
Vulkan 1.2.283 - Forward+ - Using Device #0: Apple - Apple M2 Max
ERROR: Can't create shader cache folder, no shader caching will happen: user://
   at: RendererCompositorRD (servers/rendering/renderer_rd/renderer_compositor_rd.cpp:286)

ERROR: 'The local function parameter "name" is shadowing an already-declared property in the base class "Node".'
ERROR: 'The class variable "_quiz_panel" is declared but never used in the class.'
ERROR: 'The local function parameter "visible" is shadowing an already-declared property in the base class "Node3D".'
ERROR: 'The local function parameter "visible" is shadowing an already-declared property in the base class "Node3D".'
ERROR: 'The local function parameter "name" is shadowing an already-declared property in the base class "Node".'
ERROR: 'The parameter "instance" is never used in the function "<anonymous lambda>()". If this is intended, prefix it with an underscore: "_instance".'
ERROR: 'The local function parameter "name" is shadowing an already-declared property in the base class "Node".'
ERROR: 'The parameter "error" is never used in the function "<anonymous lambda>()". If this is intended, prefix it with an underscore: "_error".'
ERROR: 'The parameter "delta" is never used in the function "_process()". If this is intended, prefix it with an underscore: "_delta".'
[ErrorRecovery] Manager initialized
[Performance] Monitor initialized
[Performance] Note: Global shader parameters not yet defined in project
[Performance] Visual quality settings will use engine defaults
[Performance] To enable advanced visual effects, define these in Project Settings:
[Performance]   - texture_lod_bias (float)
[Performance]   - glow_enabled (bool)
[Performance]   - ssr_enabled (bool)
[Performance] Unknown graphics, starting with MEDIUM quality
[Performance] Applied MEDIUM quality settings
[Performance] Monitoring started
[Accessibility] Manager initialized
[Content] Manager initialized
[Progress] Tracker initialized
[Auth] Manager initialized
[Network] Manager initialized
[Settings] Manager initialized
[Settings] No settings file found, using defaults
[StructureContent] Service initializing...
[StructureContent] Loaded 5 brain structures
[Assessment] Loaded 5 assessments
[MainMenu] Initialized
